// Jest Snapshot v1, https://goo.gl/fbAQLP

exports[`Test for Button Component should render Button 1`] = `
<div>
  <button
    class="sc-AxirZ hicMol"
  >
    <span
      class="sc-AxjAm eliavK"
    />
  </button>
</div>
`;
