// Jest Snapshot v1, https://goo.gl/fbAQLP

exports[`Test for Country Info Component should render Country Info component 1`] = `
<div>
  <div
    class="sc-AxjAm jzMSHk"
  >
    <div
      class="sc-AxirZ ivzOFj"
    >
      <div
        class="sc-AxirZ keKCHf"
      >
        <div
          class="sc-AxhUy csZhMW"
        >
          <div
            class="sc-AxhCb knOXta"
          >
            <h2>
              Browse countries:
            </h2>
            <p
              class="sub-heading"
            >
              List of countries affected by covid-19 virus
            </p>
          </div>
          <div
            class="sc-AxgMl kkBAcO"
          >
            <table>
              <thead>
                <tr>
                  <th>
                    Country Name
                  </th>
                  <th>
                    <button
                      class="sort-button-alpha"
                    >
                      ↑ AB
                    </button>
                    <button
                      class="sort-button-cases"
                    >
                      ↓C
                    </button>
                    <button
                      class="sort-button-cases"
                    >
                      ↑D
                    </button>
                  </th>
                </tr>
                <tr>
                  <td
                    colspan="2"
                  >
                    <input
                      id="search"
                      placeholder="Search country .."
                      type="text"
                      width="200"
                    />
                  </td>
                </tr>
              </thead>
              <tbody>
                <tr>
                  <td
                    colspan="2"
                  >
                    <p
                      class="country-container"
                    >
                      <span
                        class="country-name"
                      >
                        World
                      </span>
                      <span
                        class="country-cases"
                      >
                        C: 
                        2183942
                      </span>
                      <span
                        class="country-deaths"
                      >
                        D: 
                        146873
                      </span>
                      <span
                        class="country-recoveries"
                      >
                        R: 
                        552822
                      </span>
                    </p>
                  </td>
                </tr>
                <tr>
                  <td
                    colspan="2"
                  >
                    <p
                      class="country-container"
                    >
                      <span
                        class="country-name"
                      >
                        USA
                      </span>
                      <span
                        class="country-cases"
                      >
                        C: 
                        678210
                      </span>
                      <span
                        class="country-deaths"
                      >
                        D: 
                        34641
                      </span>
                      <span
                        class="country-recoveries"
                      >
                        R: 
                        57844
                      </span>
                    </p>
                  </td>
                </tr>
                <tr>
                  <td
                    colspan="2"
                  >
                    <p
                      class="country-container"
                    >
                      <span
                        class="country-name"
                      >
                        Spain
                      </span>
                      <span
                        class="country-cases"
                      >
                        C: 
                        184948
                      </span>
                      <span
                        class="country-deaths"
                      >
                        D: 
                        19315
                      </span>
                      <span
                        class="country-recoveries"
                      >
                        R: 
                        74797
                      </span>
                    </p>
                  </td>
                </tr>
                <tr>
                  <td
                    colspan="2"
                  >
                    <p
                      class="country-container"
                    >
                      <span
                        class="country-name"
                      >
                        Total
                      </span>
                      <span
                        class="country-cases"
                      >
                        C: 
                        168941
                      </span>
                      <span
                        class="country-deaths"
                      >
                        D: 
                        22170
                      </span>
                      <span
                        class="country-recoveries"
                      >
                        R: 
                        40164
                      </span>
                    </p>
                  </td>
                </tr>
              </tbody>
            </table>
          </div>
        </div>
      </div>
      <div
        class="sc-AxirZ keKCHf"
      >
        <div
          class="sc-AxhUy csZhMW"
        >
          <div
            class="sc-AxhCb krsugi"
          >
            <h2>
              News:
            </h2>
            <p
              class="sub-heading"
            >
              Be updated to daily news in Covid
            </p>
          </div>
        </div>
      </div>
    </div>
    <div
      class="sc-AxirZ fFoEED"
    >
      <div
        class="sc-AxirZ keKCHf"
      >
        <div
          class="sc-AxiKw kCfraY"
        >
          <div
            style="position: relative; width: 0px; height: 0px; cursor: grab; outline: none;"
            tabindex="0"
          >
            <div
              style="position: relative; width: 100%; height: 100%;"
            >
              <div
                class=""
                style="position: absolute; width: 100%; height: 100%; overflow: hidden; visibility: inherit;"
              />
              <div
                style="overflow: visible; height: 0px; width: 0px;"
              />
              <div
                class="resize-triggers"
              >
                <div
                  class="expand-trigger"
                >
                  <div
                    style="width: 1px; height: 1px;"
                  />
                </div>
                <div
                  class="contract-trigger"
                />
              </div>
            </div>
          </div>
          <div
            class="sc-AxheI eYnhzI"
          >
            <h2>
              Overview
            </h2>
            <div
              class="sub-info"
            >
              <h3>
                World
              </h3>
              <p
                class="cases"
              >
                Total confirmed cases: 
                <br />
                <span
                  class="case-number"
                >
                  0
                </span>
              </p>
              <p
                class="deaths"
              >
                Total Deaths:
                <span
                  class="value"
                >
                  +
                  0
                </span>
              </p>
              <p
                class="recoveries"
              >
                Total Recoveries:
                <span
                  class="value"
                >
                  +
                  0
                </span>
              </p>
              <p
                class="todays-cases"
              >
                Today's cases:
                <span
                  class="value"
                >
                  +
                  0
                </span>
              </p>
              <p
                class="todays-deaths"
              >
                Today's deaths:
                <span
                  class="value"
                >
                  +
                  0
                </span>
              </p>
            </div>
            <button
              class="heal-button"
            >
              Heal covid here
            </button>
          </div>
        </div>
      </div>
    </div>
  </div>
</div>
`;
